8-way, 10-year PWR's:
 0.084 ┼╮                          
 0.072 ┤╰╮                         
 0.060 ┤ │╭─╮╭╮  ╭╮      ╭╮        
 0.048 ┤ ╰╯ ╰╯╰──╯╰──╮╭──╯╰─╮  ╭─╮ 
 0.035 ┤             ╰╯     ╰──╯ ╰ 

8-way, 20-year PWR's:
 0.081 ┼╮                
 0.069 ┤│                
 0.057 ┤╰╮╭╮ ╭──╮╭╮      
 0.045 ┤ ╰╯╰─╯  ╰╯╰───── 

8-way, 30-year PWR's:
 0.077 ┼╮      
 0.064 ┤╰╮   ╭ 
 0.051 ┤ ╰───╯ 

