GoldenButterfly, 10-year PWR's:
 0.070 ┤            ╭╮                             
 0.058 ┤ ╭╮  ╭────╮ │╰──╮    ╭╮  ╭╮      ╭╮        
 0.046 ┤╭╯│ ╭╯    ╰─╯   ╰────╯╰──╯╰──╮ ╭─╯╰─────── 
 0.033 ┤│ ╰─╯                        ╰─╯           
 0.021 ┼╯                                          

GoldenButterfly, 20-year PWR's:
 0.067 ┤     ╭─╮╭─╮ ╭╮ ╭╮    ╭╮          
 0.053 ┤╭────╯ ╰╯ ╰─╯╰─╯╰────╯╰─────╮ ╭─ 
 0.040 ┼╯                           ╰─╯  

GoldenButterfly, 30-year PWR's:
 0.066 ┤     ╭╮     ╭╮         
 0.055 ┤╭──╮╭╯╰───╮╭╯╰───╮╭╮ ╭ 
 0.043 ┼╯  ╰╯     ╰╯     ╰╯╰─╯ 

