8-WayPortfolio 10-year PWRs:
 0.080 ┼╮                                                   
 0.076 ┤╰╮                                                  
 0.071 ┤ │                                                  
 0.067 ┤ ╰╮                                                 
 0.062 ┤  │        ╭╮      ╭─╮                              
 0.058 ┤  ╰╮ ╭──╮  │╰╮     │ │             ╭─╮              
 0.054 ┤   │╭╯  ╰╮╭╯ ╰───╮╭╯ ╰───╮       ╭─╯ ╰╮             
 0.049 ┤   ╰╯    ││      ╰╯      ╰╮   ╭──╯    │         ╭── 
 0.045 ┤         ╰╯               ╰╮ ╭╯       ╰───╮    ╭╯   
 0.040 ┤                           ╰─╯            ╰─╮╭─╯    
 0.036 ┤                                            ╰╯      

8-WayPortfolio 20-year PWRs:
 0.079 ┼╮                               
 0.075 ┤│                               
 0.072 ┤╰╮                              
 0.068 ┤ │                              
 0.065 ┤ ╰╮                             
 0.062 ┤  │         ╭╮                  
 0.058 ┤  ╰╮ ╭╮    ╭╯╰───╮ ╭─╮          
 0.055 ┤   ╰─╯╰─╮ ╭╯     ╰─╯ ╰╮         
 0.052 ┤        ╰─╯           ╰──╮    ╭ 
 0.048 ┤                         ╰──╮╭╯ 
 0.045 ┤                            ╰╯  

8-WayPortfolio 30-year PWRs:
 0.074 ┼╮           
 0.072 ┤│           
 0.069 ┤╰╮          
 0.067 ┤ │          
 0.064 ┤ │          
 0.062 ┤ ╰╮         
 0.060 ┤  │         
 0.057 ┤  ╰╮        
 0.055 ┤   │ ╭──╮   
 0.052 ┤   ╰─╯  ╰─╮ 
 0.050 ┤          ╰ 

