GoldenButterfly 10-year PWRs:
 0.067 ┤             ╭╮   ╭─╮    ╭─╮                                                            
 0.063 ┤           ╭─╯╰───╯ ╰╮   │ │               ╭─╮                     ╭─╮                  
 0.058 ┤ ╭──╮     ╭╯         │   │ ╰─────╮         │ ╰╮    ╭─╮            ╭╯ ╰╮                 
 0.054 ┤ │  │     │          ╰╮ ╭╯       ╰╮  ╭───╮╭╯  ╰╮  ╭╯ ╰╮         ╭─╯   ╰──╮      ╭───╮   
 0.049 ┤ │  ╰╮  ╭─╯           ╰╮│         ╰╮╭╯   ╰╯    ╰──╯   ╰───╮    ╭╯        ╰─╮  ╭─╯   ╰── 
 0.045 ┤ │   ╰──╯              ╰╯          ╰╯                     ╰╮  ╭╯           ╰──╯         
 0.040 ┤╭╯                                                         ╰╮╭╯                         
 0.036 ┤│                                                           ╰╯                          
 0.032 ┤│                                                                                       
 0.027 ┤│                                                                                       
 0.023 ┼╯                                                                                       

GoldenButterfly 20-year PWRs:
 0.065 ┤            ╭─╮   ╭─╮    ╭─╮                                        
 0.063 ┤           ╭╯ ╰╮ ╭╯ ╰╮   │ │   ╭╮           ╭╮                      
 0.060 ┤          ╭╯   ╰─╯   │  ╭╯ │  ╭╯╰╮         ╭╯│      ╭╮              
 0.058 ┤ ╭─╮      │          │  │  ╰╮╭╯  ╰╮        │ ╰╮╭╮  ╭╯│              
 0.056 ┤ │ ╰──╮  ╭╯          ╰╮╭╯   ╰╯    │        │  ╰╯╰─╮│ ╰╮          ╭─ 
 0.053 ┤ │    ╰╮╭╯            ╰╯          ╰╮ ╭─╮  ╭╯      ╰╯  │         ╭╯  
 0.051 ┤╭╯     ╰╯                          ╰─╯ ╰──╯           ╰───╮   ╭─╯   
 0.048 ┤│                                                         ╰╮ ╭╯     
 0.046 ┤│                                                          ╰─╯      
 0.043 ┤│                                                                   
 0.041 ┼╯                                                                   

GoldenButterfly 30-year PWRs:
 0.065 ┤           ╭─╮           ╭─╮                    
 0.062 ┤           │ ╰─╮  ╭─╮    │ │    ╭╮          ╭╮  
 0.060 ┤          ╭╯   │╭─╯ ╰╮   │ ╰╮  ╭╯│          ││  
 0.058 ┤  ╭──╮    │    ╰╯    │  ╭╯  ╰──╯ ╰╮        ╭╯╰╮ 
 0.056 ┤ ╭╯  ╰╮  ╭╯          │  │         │        │  ╰ 
 0.054 ┤ │    ╰╮╭╯           ╰──╯         ╰╮  ╭╮   │    
 0.052 ┤ │     ╰╯                          ╰╮╭╯╰───╯    
 0.050 ┤╭╯                                  ╰╯          
 0.048 ┤│                                               
 0.046 ┤│                                               
 0.044 ┼╯                                               

