[]*portfolio_analysis.PortfolioStat{
    &portfolio_analysis.PortfolioStat{
        Assets:                   {"TSM"},
        Percentages:              {1},
        RebalanceFactor:          0,
        AvgReturn:                0.07453082614598813,
        BaselineLTReturn:         0.0306081363792714,
        BaselineSTReturn:         -0.02907904796851324,
        PWR30:                    0.03237787319823412,
        SWR30:                    0.03786147243197951,
        StdDev:                   0.17165466213991304,
        UlcerScore:               26.990140749914836,
        DeepestDrawdown:          -0.5225438230658536,
        LongestDrawdown:          13,
        StartDateSensitivity:     0.3164541256493081,
        AvgReturnRank:            portfolio_analysis.Rank{},
        BaselineLTReturnRank:     portfolio_analysis.Rank{},
        BaselineSTReturnRank:     portfolio_analysis.Rank{},
        PWR30Rank:                portfolio_analysis.Rank{},
        SWR30Rank:                portfolio_analysis.Rank{},
        StdDevRank:               portfolio_analysis.Rank{},
        UlcerScoreRank:           portfolio_analysis.Rank{},
        DeepestDrawdownRank:      portfolio_analysis.Rank{},
        LongestDrawdownRank:      portfolio_analysis.Rank{},
        StartDateSensitivityRank: portfolio_analysis.Rank{},
        OverallRankScore:         0,
        OverallRankScoreRank:     portfolio_analysis.Rank{},
    },
}