[]*portfolio_analysis.PortfolioStat{
    &portfolio_analysis.PortfolioStat{
        Assets:                   {"TSM"},
        Percentages:              {1},
        RebalanceFactor:          0,
        AvgReturn:                0.07453082614598813,
        BaselineLTReturn:         0.0306081363792714,
        BaselineSTReturn:         -0.02907904796851324,
        PWR30:                    0.03237787319823412,
        SWR30:                    0.03786147243197951,
        StdDev:                   0.17165466213991304,
        UlcerScore:               26.990140749914836,
        DeepestDrawdown:          -0.5225438230658536,
        LongestDrawdown:          13,
        StartDateSensitivity:     0.3164541256493081,
        AvgReturnRank:            portfolio_analysis.Rank{},
        BaselineLTReturnRank:     portfolio_analysis.Rank{},
        BaselineSTReturnRank:     portfolio_analysis.Rank{},
        PWR30Rank:                portfolio_analysis.Rank{},
        SWR30Rank:                portfolio_analysis.Rank{},
        StdDevRank:               portfolio_analysis.Rank{},
        UlcerScoreRank:           portfolio_analysis.Rank{},
        DeepestDrawdownRank:      portfolio_analysis.Rank{},
        LongestDrawdownRank:      portfolio_analysis.Rank{},
        StartDateSensitivityRank: portfolio_analysis.Rank{},
        OverallRankScore:         0,
        OverallRankScoreRank:     portfolio_analysis.Rank{},
    },
    &portfolio_analysis.PortfolioStat{
        Assets:                   {"TSM", "GLD"},
        Percentages:              {0.5, 0.5},
        RebalanceFactor:          0,
        AvgReturn:                0.06387494536221017,
        BaselineLTReturn:         0.035477861130724264,
        BaselineSTReturn:         -0.0051889628058078285,
        PWR30:                    0.028202600645605407,
        SWR30:                    0.04066373587232011,
        StdDev:                   0.13238370526536952,
        UlcerScore:               9.965222445166578,
        DeepestDrawdown:          -0.25929582951888575,
        LongestDrawdown:          6,
        StartDateSensitivity:     0.21610371811517437,
        AvgReturnRank:            portfolio_analysis.Rank{},
        BaselineLTReturnRank:     portfolio_analysis.Rank{},
        BaselineSTReturnRank:     portfolio_analysis.Rank{},
        PWR30Rank:                portfolio_analysis.Rank{},
        SWR30Rank:                portfolio_analysis.Rank{},
        StdDevRank:               portfolio_analysis.Rank{},
        UlcerScoreRank:           portfolio_analysis.Rank{},
        DeepestDrawdownRank:      portfolio_analysis.Rank{},
        LongestDrawdownRank:      portfolio_analysis.Rank{},
        StartDateSensitivityRank: portfolio_analysis.Rank{},
        OverallRankScore:         0,
        OverallRankScoreRank:     portfolio_analysis.Rank{},
    },
}